         w __deregister_frame_info
         w __register_frame_info
         w userAppExit
         w userAppInit
00000000 00000802 B __ctru_dev_utf16_buf
00000000 A __sync_synchronize
00000000 b _TLS_MODULE_BASE_
00000000 a shift
00000000 a shift
00000804 00000401 B __ctru_dev_path_buf
00100000 A __start__
00100000 T _start
00100008 T __service_ptr
0010000c T __apt_appid
00100010 T __heap_size
00100014 T __linear_heap_size
00100018 T __system_arglist
0010001c T __system_runflags
00100020 t startup
00100058 t ClearMem
0010006c t ClrLoop
00100094 T _init
001000ac t .udivsi3_skip_div0_test
001000ac T __aeabi_uidiv
001000ac 000001ec T __udivsi3
00100298 00000020 T __aeabi_uidivmod
001002b8 T __aeabi_idiv
001002b8 00000220 T __divsi3
001002c0 t .divsi3_skip_div0_test
001004d8 00000020 T __aeabi_idivmod
001004f8 00000004 W __aeabi_idiv0
001004f8 00000004 W __aeabi_ldiv0
001004fc T __aeabi_drsub
00100504 000002b0 T __aeabi_dsub
00100504 000002b0 T __subdf3
00100508 000002ac T __adddf3
00100508 000002ac T __aeabi_dadd
001007b4 00000024 T __aeabi_ui2d
001007b4 00000024 T __floatunsidf
001007d8 00000028 T __aeabi_i2d
001007d8 00000028 T __floatsidf
00100800 00000048 T __aeabi_f2d
00100800 00000048 T __extendsfdf2
00100848 00000074 T __aeabi_ul2d
00100848 00000074 T __floatundidf
0010085c 00000060 T __aeabi_l2d
0010085c 00000060 T __floatdidf
001008bc 0000019c T __aeabi_frsub
001008c4 00000194 T __aeabi_fsub
001008c4 00000194 T __subsf3
001008c8 00000190 T __addsf3
001008c8 00000190 T __aeabi_fadd
00100a58 00000028 T __aeabi_ui2f
00100a58 00000028 T __floatunsisf
00100a60 00000020 T __aeabi_i2f
00100a60 00000020 T __floatsisf
00100a80 0000008c T __aeabi_ul2f
00100a80 0000008c T __floatundisf
00100a90 0000007c T __aeabi_l2f
00100a90 0000007c T __floatdisf
00100b0c T __aeabi_ldivmod
00100be0 T __aeabi_uldivmod
00100c28 00000390 T strcmp
00100fb0 t __do_global_dtors_aux
00101000 t frame_dummy
0010102c 0000021c t buildTrack
00101248 000000a0 t applyUpgrades
001012e8 0000013c t legCurveEval
00101424 00000164 t camCurve
00101588 00000074 t qmul
001015fc 00000074 t m4_from16
00101670 000000c4 t uiTextW
00101734 000001d8 t uiHit
0010190c 000000dc t fxProject
001019e8 0000027c t loadFonts
00101c64 000001c4 t loadTunnels
00101e28 00000260 t loadTrack
00102088 00000394 t loadMeshes
0010241c 00000048 t vnorm
00102464 00000114 t meshVisible
00102578 000000a4 t uiNum
0010261c 00000288 t loadTextures
001028a4 00000278 t loadGame
00102b1c 000000e0 t armReset
00102bfc 00000084 t tunFire
00102c80 00000294 t birdPath
00102f14 00000370 t loadBirds
00103284 0000010c t clipLoad
00103390 00000210 t frameAt
001035a0 0000006c t vidShow
0010360c 00000134 t bTurn
00103740 000002e0 t birdsUpdate
00103a20 00000190 t saveGame
00103bb0 00000218 t oblFrameAt
00103dc8 00000124 t chPlay
00103ef0 00000130 t uiFlushRun.part.0
00104020 00000218 t uiQuadP.part.0
00104238 000000f8 t uiRectRot
00104330 000000a8 t qeuler.constprop.0
001043d8 0000016c t camSample.constprop.0
00104544 00000240 t loadArms.isra.0
00104784 00000218 t loadCams.isra.0
0010499c 00000240 t loadDrones.isra.0
00104bdc 00000244 t loadLegs.isra.0
00104e20 0000007c t dFrame
00104e9c 000000a0 t chSet
00104f3c 00000258 t droneStep
00105194 00000134 t droneUpdate.part.0
001052c8 00000068 t upLocked
00105330 00000124 t droneLookUp
00105454 00000154 t droneStart
001055a8 00000144 t readyNext
001056ec 000001fc t rideDronesUpdate
001058e8 00000100 t drawGradient.constprop.0
001059e8 0000010c t bootLog
00105af4 00000070 t uiRect
00105b64 00000168 t drawMarm
00105ccc 00000150 t startRide
00105e1c 00000100 t musicPlay
00105f1c 00000098 t creepSet
00105fb4 00000094 t musicApply
00106048 000001e0 t uiText
00106228 000000bc t uiTextS
001062e4 00000190 t uiToggle3.constprop.0
00106474 00000194 t uiToggle2.constprop.0
00106608 00000130 t uiBtnBox.constprop.0
00106738 0000014c t uiWrap.constprop.0.isra.0
00106884 00000088 t m4_translate
0010690c 00000098 t m4_rotz
001069a4 00000364 t shopBuy
00106d08 000003f0 t drawMesh
001070f8 00000190 t droneDrawOne
00107288 000004b8 t audioRide.part.0
00107740 0000011c t m4_axis_angle
0010785c 00000090 t bgPoly
001078ec 000002cc t drawStatsTop
00107bb8 000001e8 t drawMenuTop
00107da0 000000a8 t dimScreen
00107e48 000001b0 t uiBeginScreen
00107ff8 00000628 t sceneEnter
00108620 000000a4 t tutTrigger
001086c4 000000b4 t uiSprC
00108778 000001dc t m4_lookat
00108954 00000374 t spinMat
00108cc8 00000140 t creepDraw.part.0.constprop.0
00108e08 000004a0 t fxCartModel
001092a8 0000026c t drawSplashBottom
00109514 000000c0 t drawFade
001095d4 00000818 t drawTrackModel
00109dec 0000021c t drawResultsBottom
0010a008 00000408 t drawResultsTop
0010a410 000002e8 t drawMenuBottom
0010a6f8 00000580 t drawAchBottom
0010ac78 00002030 t drawWorld
0010cca8 000006f4 t drawOptionsBottom
0010d39c 000014b0 t drawHudTop
0010e850 000008ec t drawHudBottom
0010f13c 000037d4 t sceneUpdate
00112910 000030fc T main
00115a0c 00000028 T AttrInfo_Init
00115a34 00000094 T AttrInfo_AddLoader
00115ac8 00000020 T C3D_GetAttrInfo
00115ae8 00000080 T C3Di_AttrInfoBind
00115b68 00000004 W C3Di_LightEnvUpdate
00115b6c 00000004 W C3Di_LightEnvDirty
00115b70 00000004 W C3Di_ProcTexUpdate
00115b74 00000004 W C3Di_ProcTexDirty
00115b78 000000b4 t C3Di_AptEventHook
00115c2c 00000004 W C3Di_GasUpdate
00115c30 000001d0 T C3D_Init
00115e00 00000098 T C3D_SetViewport
00115e98 000004e8 T C3Di_UpdateContext
00116380 000000e0 T C3Di_SplitFrame
00116460 00000044 T C3D_Fini
001164a4 00000194 T C3D_BindProgram
00116638 00000024 T BufInfo_Init
0011665c 00000080 T BufInfo_Add
001166dc 00000020 T C3D_GetBufInfo
001166fc 00000048 T C3Di_BufInfoBind
00116744 0000021c T C3D_DrawElements
00116960 00000040 T C3D_DepthMap
001169a0 0000001c T C3D_CullFace
001169bc 00000040 T C3D_StencilTest
001169fc 00000024 T C3D_StencilOp
00116a20 0000001c T C3D_BlendingColor
00116a3c 00000024 T C3D_EarlyDepthTest
00116a60 0000002c T C3D_DepthTest
00116a8c 0000002c T C3D_AlphaTest
00116ab8 00000050 T C3D_AlphaBlend
00116b08 00000030 T C3D_FragOpMode
00116b38 00000044 T C3D_FragOpShadow
00116b7c 000001ac T C3Di_EffectBind
00116d28 0000001c T C3D_CalcColorBufSize
00116d44 0000001c T C3D_CalcDepthBufSize
00116d60 00000044 T C3D_SetFrameBuf
00116da4 0000016c T C3Di_FrameBufBind
00116f10 000000c8 T C3D_FrameBufClear
00116fd8 00000044 T C3D_FrameBufTransfer
0011701c 000000a8 T C3D_ImmSendAttrib
001170c4 0000004c t onVBlank0
00117110 0000004c t onVBlank1
0011715c 00000080 t C3Di_RenderTargetDestroy
001171dc 000000f4 t onQueueFinish
001172d0 00000038 T C3Di_RenderQueueEnableVBlank
00117308 00000030 T C3Di_RenderQueueDisableVBlank
00117338 00000060 T C3Di_RenderQueueInit
00117398 000000b4 T C3Di_RenderQueueExit
0011744c 00000034 T C3Di_RenderQueueWaitDone
00117480 000000e8 T C3D_FrameBegin
00117568 00000048 T C3D_FrameDrawOn
001175b0 000001d0 T C3D_FrameEnd
00117780 00000170 T C3D_RenderTargetCreate
001178f0 000000a8 T C3D_RenderTargetSetOutput
00117998 000000fc T C3D_SyncTextureCopy
00117a94 000003d8 t Tex3DSi_ImportCommon
00117e6c 00000038 T Tex3DS_TextureImportStdio
00117ea4 00000004 T Tex3DS_TextureFree
00117ea8 00000034 T C3D_GetTexEnv
00117edc 00000024 T C3Di_TexEnvBind
00117f00 00000290 T C3D_TexInitWithParams
00118190 000000c8 T C3D_TexLoadImage
00118258 00000044 T C3D_TexBind
0011829c 00000074 T C3D_TexDelete
00118310 0000014c T C3Di_SetTex
0011845c 00000290 T C3D_UpdateUniforms
001186ec 000000c0 T C3Di_DirtyUniforms
001187ac 000000d8 T C3Di_LoadShaderUniforms
00118884 00000028 T C3Di_ClearShaderUniforms
001188ac 000000cc T Mtx_OrthoTilt
00118978 000000b8 T Mtx_PerspStereoTilt
00118a30 00000094 T Mtx_PerspTilt
00118ac4 00000024 t addrMapNodeComparator(rbtree_node const*, rbtree_node const*)
00118ae8 00000004 t addrMapNodeDestructor(rbtree_node*)
00118aec 0000012c T linearMemAlign
00118c18 00000008 T linearAlloc
00118c20 0000005c T linearFree
00118c7c 0000000c T linearSpaceFree
00118c88 00000088 T MemPool::CoalesceRight(MemBlock*)
00118d10 00000178 T MemPool::Allocate(MemChunk&, unsigned long, int)
00118e88 00000118 T MemPool::Deallocate(MemChunk const&)
00118fa0 00000030 T MemPool::GetFreeSpace()
00118fd0 00000024 t addrMapNodeComparator(rbtree_node const*, rbtree_node const*)
00118ff4 00000004 t addrMapNodeDestructor(rbtree_node*)
00118ff8 00000248 T vramMemAlignAt
00119240 0000000c T vramAlloc
0011924c 0000000c T vramAllocAt
00119258 00000094 T vramFree
001192ec 000001c8 T consoleDrawChar
001194b4 00000170 T consolePrintChar
00119624 00000cc8 T con_write
0011a2ec 000000fc t newRow
0011a3e8 00000180 T consoleInit
0011a568 000000cc t gfxPresentFramebuffer
0011a634 00000010 T gfxSet3D
0011a644 0000001c T gfxIsWide
0011a660 000000f8 T gfxSetScreenFormat
0011a758 00000010 T gfxSetDoubleBuffering
0011a768 000000d8 T gfxInit
0011a840 00000010 T gfxInitDefault
0011a850 000000b8 T gfxExit
0011a908 000000a0 T gfxGetFramebuffer
0011a9a8 00000100 T gfxFlushBuffers
0011aaa8 00000028 T gfxScreenSwapBuffers
0011aad0 00000050 T gfxSwapBuffersGpu
0011ab20 00000074 T osConvertVirtToPhys
0011ab94 00000054 T osGetTimeRef
0011abe8 000000ec T osGetTime
0011acd4 00000034 T __ctru_speedup_config
0011ad08 00000038 T osSetSpeedupEnable
0011ad40 00000008 t romfs_close
0011ad48 000000ac t romfs_seek
0011adf4 00000024 t romfs_dirreset
0011ae18 000000c0 t fill_dir
0011aed8 000002ac t romfs_dirnext
0011b184 00000074 t romfs_free
0011b1f8 000000d0 t searchForFile.constprop.0
0011b2c8 000000d4 t searchForDir.constprop.0
0011b39c 000001c0 t navigateToDir.constprop.0
0011b55c 00000114 t romfs_open
0011b670 0000004c t romfs_chdir
0011b6bc 00000068 t romfs_diropen
0011b724 00000178 t romfs_stat
0011b89c 00000008 t romfs_dirclose
0011b8a8 0000007c t romfs_fstat
0011b924 000000d0 t romfs_read
0011b9f4 00000294 T romfsMountFromFile
0011bc88 00000098 T romfsMountFromCurrentProcess
0011bd20 00000258 T romfsMountSelf
0011bf78 000000a0 T romfsUnmount
0011c018 0000013c T GPUCMD_Add
0011c154 000000b0 T GPUCMD_Split
0011c204 00000034 T f32tof16
0011c238 00000034 T f32tof24
0011c26c 00000038 T f32tof31
0011c2a4 00000010 T GX_BindQueue
0011c2b4 0000007c T GX_ProcessCommandList
0011c330 00000074 T GX_MemoryFill
0011c3a4 00000074 T GX_DisplayTransfer
0011c418 00000078 T GX_TextureCopy
0011c490 00000064 t gxCmdQueueDoCommands.part.0
0011c4f4 000000e4 T gxCmdQueueInterrupt
0011c5d8 00000068 T gxCmdQueueClear
0011c640 00000108 T gxCmdQueueAdd
0011c748 00000080 T gxCmdQueueRun
0011c7c8 00000064 T gxCmdQueueStop
0011c82c 000000ac T gxCmdQueueWait
0011c8d8 000001e0 T shaderInstanceInit
0011cab8 00000018 T shaderInstanceGetUniformLocation
0011cad0 0000001c T shaderProgramInit
0011caec 00000074 T shaderProgramFree
0011cb60 00000094 T shaderProgramSetVsh
0011cbf4 000008d0 T shaderProgramConfigure
0011d4c4 000001dc t DVLE_GenerateOutmap.part.0
0011d6a0 000001ac T DVLB_ParseFile
0011d84c 00000050 T DVLB_Free
0011d89c 00000074 T DVLE_GetUniformRegister
0011d910 00000158 t ndspUpdateMaster
0011da68 00000108 t ndspFinalize
0011db70 0000025c t ndspInitialize.part.0
0011ddcc 00000108 t ndspHookCallback
0011ded8 00000318 t ndspThreadMain
0011e1f0 000003f0 T ndspInit
0011e5e0 000000d8 T ndspExit
0011e6b8 00000034 T ndspSetOutputMode
0011e6ec 000000e0 T ndspChnReset
0011e7cc 00000018 T ndspChnSetFormat
0011e7e4 00000050 T ndspChnSetInterp
0011e834 00000060 T ndspChnSetRate
0011e894 00000080 T ndspChnSetMix
0011e914 000000b0 T ndspChnWaveBufClear
0011e9c4 000000c8 T ndspChnWaveBufAdd
0011ea8c 00000040 T ndspiInitChn
0011eacc 0000002c T ndspiDirtyChn
0011eaf8 0000043c T ndspiUpdateChn
0011ef34 00000180 T ndspiReadChnState
0011f0b4 00000180 t aptConvertScreenForCapture
0011f234 00000138 T aptSendCommand
0011f370 00000044 t aptExitProcess
0011f3b4 00000394 T aptExit
0011f748 000000d8 T aptHandleSleep
0011f820 00000034 T aptHook
0011f854 00000030 T aptUnhook
0011f884 00000084 T APT_SleepIfShellClosed
0011f908 00000078 T aptSetSleepAllowed
0011f980 00000084 T APT_UnlockTransition
0011fa08 00000470 t aptEventHandler
0011fe78 000000bc T APT_ReceiveParameter
0011ff34 000000b0 t aptReceiveParameter.constprop.0
0011ffe8 00000294 t aptScreenTransfer
0012027c 000002d0 t aptWaitForWakeUp.isra.0
0012054c 000000f4 T aptJumpToHomeMenu
00120640 00000058 T aptMainLoop
00120698 00000240 T aptInit
001208d8 00000090 T APT_CheckNew3DS
00120968 000000a8 T cfguInit
00120a10 0000003c T cfguExit
00120a4c 0000004c T CFGU_GetConfigInfoBlk2
00120a98 000000a4 t DSP_LoadComponent.part.0
00120b3c 000000fc T dspInit
00120c38 0000008c T dspExit
00120cc4 00000024 T dspHook
00120ce8 00000030 T dspUnhook
00120d18 000000b4 T aptDspSleep
00120dcc 000000b4 T aptDspWakeup
00120e80 00000044 T aptDspCancel
00120ec4 00000050 T DSP_FlushDataCache
00120f14 00000034 T DSP_SetSemaphore
00120f48 00000034 T DSP_SetSemaphoreMask
00120f7c 00000038 T DSP_GetSemaphoreHandle
00120fb4 0000003c T DSP_LoadComponent
00120ff0 00000044 T DSP_RegisterInterruptEvents
00121034 00000078 T DSP_ReadPipeIfPossible
001210ac 0000004c T DSP_WriteProcessPipe
001210f8 00000044 T DSP_ConvertProcessAddressFromDspDram
0012113c 00000044 T DSP_RecvData
00121180 00000050 T DSP_RecvDataIsReady
001211d0 00000104 T fsInit
001212d4 0000003c T fsExit
00121310 00000068 T fsExemptFromSession
00121378 00000050 T fsUnexemptFromSession
001213c8 000000cc T FSUSER_OpenFile
00121494 000000cc T FSUSER_OpenFileDirectly
00121560 000000b8 T FSUSER_DeleteFile
00121618 000000f4 T FSUSER_RenameFile
0012170c 000000b8 T FSUSER_DeleteDirectory
001217c4 000000d0 T FSUSER_CreateFile
00121894 000000c0 T FSUSER_CreateDirectory
00121954 000000f4 T FSUSER_RenameDirectory
00121a48 000000b4 T FSUSER_OpenDirectory
00121afc 00000090 T FSUSER_OpenArchive
00121b8c 0000008c T FSUSER_CloseArchive
00121c18 00000074 T FSUSER_GetSdmcArchiveResource
00121c8c 00000064 T FSUSER_IsSdmcWritable
00121cf0 00000064 T FSFILE_Read
00121d54 0000006c T FSFILE_Write
00121dc0 00000044 T FSFILE_GetSize
00121e04 00000028 T FSFILE_SetSize
00121e2c 0000003c T FSFILE_Close
00121e68 00000024 T FSFILE_Flush
00121e8c 00000060 T FSDIR_Read
00121eec 0000003c T FSDIR_Close
00121f28 00000c70 t gspHardwareInit
00122b98 00000288 T gspInit
00122e20 00000104 T gspExit
00122f24 00000010 T gspHasGpuRight
00122f34 000000a4 T gspPresentBuffer
00122fd8 00000030 T gspSetEventCallback
00123008 00000050 T gspWaitForEvent
00123058 0000004c T gspWaitForAnyEvent
001230a4 00000154 t gspEventThreadMain
001231f8 0000012c T gspSubmitGxCommand
00123324 00000050 T GSPGPU_FlushDataCache
00123374 00000034 T GSPGPU_SetLcdForceBlack
001233a8 00000084 T GSPGPU_AcquireRight
0012342c 00000064 T GSPGPU_ReleaseRight
00123490 0000007c T GSPGPU_ImportDisplayCaptureInfo
0012350c 0000002c T GSPGPU_SaveVramSysArea
00123538 0000002c T GSPGPU_RestoreVramSysArea
00123564 00000024 W hidShouldUseIrrst
00123588 000001cc T hidInit
00123754 000000e8 T hidExit
0012383c 000002a0 T hidScanInput
00123adc 00000010 T hidKeysHeld
00123aec 00000010 T hidKeysDown
00123afc 00000018 T hidTouchRead
00123b14 00000018 T hidCircleRead
00123b2c 00000020 T hidAccelRead
00123b4c 0000002c T HIDUSER_EnableAccelerometer
00123b78 000001a4 T irrstInit
00123d1c 000000dc T irrstExit
00123df8 000000b4 T irrstScanInput
00123eac 00000024 T irrstKeysHeld
00123ed0 00000078 T ptmSysmInit
00123f48 0000003c T ptmSysmExit
00123f84 00000034 T PTMSYSM_ConfigureNew3DSCPU
00123fb8 000000e0 t buffer_read
00124098 000000cc t iov_read
00124164 00000164 t iov_memmove
001242c8 000001e0 t decompress_rle
001244a8 00000264 t decompress_lzss
0012470c 00000418 t decompress_lz11
00124b24 0000033c t decompress_huff.isra.0
00124e60 00000010 T decompressCallback_Stdio
00124e70 000000e4 T decompressHeader
00124f54 0000021c T decompressV
00125170 00000074 T rbtree_find
001251e4 00000010 T rbtree_init
001251f4 00000198 t do_insert
0012538c 00000008 T rbtree_insert
00125394 00000310 T rbtree_remove
001256a4 00000090 T rbtree_rotate
00125734 000000e8 T utf16_to_utf8
0012581c 000000c0 T utf8_to_utf16
001258e0 000001e8 W __system_allocateHeaps
00125ac8 00000038 W __libctru_init
00125b00 0000016c W __system_initArgv
00125c6c 00000030 T __syscall_getreent
00125c9c 00000064 T __syscall_gettod_r
00125d00 00000004 T __syscall_lock_acquire
00125d04 00000004 T __syscall_lock_release
00125d08 00000004 T __syscall_lock_acquire_recursive
00125d0c 00000004 T __syscall_lock_release_recursive
00125d10 00000004 T __syscall_exit
00125d14 00000054 T initThreadVars
00125d68 00000080 T __system_initSyscalls
00125de8 T svcControlMemory
00125e08 T svcQueryMemory
00125e38 T svcExitProcess
00125e40 T svcCreateThread
00125e60 T svcExitThread
00125e68 T svcSleepThread
00125e70 T svcReleaseMutex
00125e78 T svcCreateEvent
00125e8c T svcSignalEvent
00125e94 T svcClearEvent
00125e9c T svcMapMemoryBlock
00125ea4 T svcUnmapMemoryBlock
00125eac T svcCreateAddressArbiter
00125ec0 T svcArbitrateAddressNoTimeout
00125ec8 T svcCloseHandle
00125ed0 T svcWaitSynchronization
00125ed8 T svcWaitSynchronizationN
00125f00 T svcDuplicateHandle
00125f14 T svcGetSystemTick
00125f1c T svcGetSystemInfo
00125f34 T svcConnectToPort
00125f48 T svcSendSyncRequest
00125f50 T svcGetResourceLimit
00125f64 T svcGetResourceLimitLimitValues
00125f6c T svcGetResourceLimitCurrentValues
00125f74 T svcBreak
00125f7c T __aeabi_read_tp
00125f88 W initSystem
00125fd8 W __ctru_exit
00125fec 0000008c W envGetHandle
00126078 00000050 W envDestroyHandles
001260c8 00000164 T srvInit
0012622c 00000064 T srvExit
00126290 00000060 T srvEnableNotification
001262f0 000000a0 T srvGetServiceHandleDirect
00126390 00000048 T srvGetServiceHandle
001263d8 00000034 T srvSubscribe
0012640c 00000060 T srvReceiveNotification
0012646c 00000038 T srvPublishToSubscriber
001264a4 0000000c T __sync_init
001264b0 00000018 T __sync_fini
001264c8 00000028 T syncArbitrateAddress
001264f0 0000001c T LightLock_Init
0012650c 000000ac T LightLock_Lock
001265b8 00000040 T LightLock_Unlock
001265f8 00000054 T RecursiveLock_Lock
0012664c 00000054 T RecursiveLock_Unlock
001266a0 00000044 T LightEvent_Init
001266e4 000000b8 T LightEvent_Clear
0012679c 000000dc T LightEvent_Signal
00126878 00000050 T LightEvent_TryWait
001268c8 000000ac T LightEvent_Wait
00126974 000001fc T threadCreate
00126b70 00000038 T threadFree
00126ba8 00000024 T threadJoin
00126bcc 00000030 T threadGetCurrent
00126bfc 00000040 T threadExit
00126c3c 00000020 t _thread_begin
00126c5c 00000090 t mappableFindAddressWithin
00126cec 00000028 T mappableInit
00126d14 0000007c T mappableAlloc
00126d90 00000004 T mappableFree
00126d94 0000000c T srvPmGetSessionHandle
00126da0 00000060 T rbtree_node_next
00126e00 00000054 T decode_utf16
00126e54 00000140 T decode_utf8
00126f94 00000054 T encode_utf16
00126fe8 000000e0 T encode_utf8
001270c8 00000030 W __appExit
001270f8 00000030 W __appInit
00127128 00000090 W __libctru_exit
001271b8 00000024 t error_cmp
001271dc 00000050 t archive_translate_error
0012722c 000000c0 t archive_seek
001272ec 00000078 t _archiveInit.part.0
00127364 00000110 t archiveFindDevice.part.0
00127474 00000298 t archive_utf16path
0012770c 00000098 t _archiveUnmountDeviceStruct.part.0
001277a4 00000178 t _archiveMountDevice
0012791c 000000f8 t archive_diropen
00127a14 000000ac t archive_fstat
00127ac0 00000074 t archive_fsync
00127b34 00000074 t archive_close
00127ba8 00000078 t archive_dirclose
00127c20 000000ec t sdmc_statvfs
00127d0c 000000f8 t archive_chdir
00127e04 0000008c t archive_ftruncate
00127e90 000000bc t archive_read
00127f4c 000000a8 t archive_unlink
00127ff4 000000c0 t archive_rmdir
001280b4 000000d8 t archive_mkdir
0012818c 000001a0 t archive_stat
0012832c 00000164 t archive_dirnext
00128490 0000013c t archive_write
001285d0 00000254 t archive_open
00128824 00000270 t archive_rename
00128a94 000001c8 T archiveMountSdmc
00128c5c 00000054 T archiveUnmountAll
00128cb0 00000074 T fmodf
00128d28 00000264 T sinf
00128f8c 00000054 T fminf
00128fe0 0000006c T acosf
0012904c 00000214 T __ieee754_fmodf
00129260 00000264 T __ieee754_acosf
001294c4 00000050 T sqrtf
00129518 000003f4 T powf
0012990c 00000004 T atan2f
00129910 00000054 T fmaxf
00129964 00000070 T tanf
001299d4 00000024 t with_errnof
001299f8 00000018 t xflowf
00129a10 0000000c T __math_uflowf
00129a1c 0000000c T __math_may_uflowf
00129a28 0000000c T __math_oflowf
00129a34 0000002c T __math_divzerof
00129a60 0000001c T __math_invalidf
00129a7c 0000000c T nanf
00129a88 0000025c T cosf
00129ce4 000000c0 T floorf
00129da4 0000005c T __fpclassifyf
00129e00 000001b8 T __ieee754_atan2f
00129fb8 0000020c T atanf
0012a1c4 000002e0 T __ieee754_rem_pio2f
0012a4a4 0000020c T __kernel_tanf
0012a6b0 00000010 T fabsf
0012a6c0 000008c0 T __kernel_rem_pio2f
0012af80 00000008 T __ieee754_sqrtf
0012af88 0000012c T scalbnf
0012b0b4 00000130 T __udivmoddi4
0012b1e4 000000e4 T strncat
0012b2c8 00000128 T memcpy
0012b3f0 0000008c T strlen
0012b47c 00000334 T _fread_r
0012b7b0 00000038 T fread
0012b7e8 00000078 T bsearch
0012b860 00000134 T _fopen_r
0012b994 00000028 T fopen
0012b9bc 00000028 T memalign
0012b9e4 000000a0 T snprintf
0012ba84 00000034 T printf
0012bab8 000001ec t _strtoul_l.isra.0
0012bca4 0000003c T strtoul
0012bce0 00000140 T strchr
0012be20 000000d8 T memcmp
0012bef8 00000198 T _fgets_r
0012c090 00000030 T fgets
0012c0c0 00000028 T calloc
0012c0e8 0000016c T _memalign_r
0012c254 0000000c T __errno
0012c260 00000164 T __smakebuf_r
0012c3c4 00000090 T __swhatbuf_r
0012c454 000000e4 T memset
0012c538 000000d8 T _calloc_r
0012c610 0000022c T __sflush_r
0012c83c 000000c4 T _fflush_r
0012c900 00000104 T _fwrite_r
0012ca04 00000038 T fwrite
0012ca3c 0000082c T _malloc_r
0012d268 00000114 T _malloc_trim_r
0012d37c 00000314 T _free_r
0012d690 00000294 T setvbuf
0012d924 0000001c t stdio_exit_handler
0012d940 0000005c t cleanup_stdio
0012d99c 00000154 t global_stdio_init.part.0
0012daf0 00000138 T __sfp
0012dc28 0000005c T __sinit
0012dc84 0000000c T __sfp_lock_acquire
0012dc90 0000000c T __sfp_lock_release
0012dc9c 00000084 T __libc_init_array
0012dd20 000000d4 T strncpy
0012ddf4 0000001c T _fseek_r
0012de10 00000034 T fseek
0012de44 00000040 T malloc
0012de84 00000020 T free
0012dea4 000000e8 T memchr
0012df8c 00000044 T __sread
0012dfd0 00000068 T __swrite
0012e038 00000040 T __sseek
0012e078 00000008 T __sclose
0012e080 000001a8 T memmove
0012e228 0000000c T __malloc_lock
0012e234 0000000c T __malloc_unlock
0012e240 00000588 T _fseeko_r
0012e7c8 00000148 T _fclose_r
0012e910 00000020 T fclose
0012e930 00000048 T time
0012e978 0000003c T fprintf
0012e9b4 00000004 W __call_exitprocs
0012e9b8 00000030 T exit
0012e9e8 000005e0 t get_arg
0012efc8 0000345c T _svfprintf_r
00132424 000000b8 T __sflags
001324dc 0000003c T __libc_fini_array
00132518 0000003c T strnlen
00132554 000000d8 T strncmp
0013262c 00000038 t lflush
00132664 000001a8 T __srefill_r
00132810 00000088 T frexp
00132898 00000070 T _fwalk_sglue
00132908 000005e0 t get_arg
00132ee8 00003554 T _vfprintf_r
0013643c 000000b4 t __sbprintf
001364f0 000000a0 T _wcrtomb_r
00136590 000000a4 T __ssprint_r
00136634 000004a4 T __sfvwrite_r
00136ad8 00000024 T __locale_mb_cur_max
00136afc 00000030 T __sprint_r
00136b2c 000001c0 t quorem
00136cf0 00001420 T _dtoa_r
00138110 00000028 T _wcsrtombs_r
00138138 00000140 T __swsetup_r
00138278 00000024 T _localeconv_r
0013829c 000004f0 T _realloc_r
0013878c 0000012c T __ssputs_r
001388b8 000000f8 T __utf8_wctomb
001389b0 0000015c T _wcsnrtombs_l
00138b0c 00000064 T _wcsnrtombs_r
00138b70 0000005c T __assert_func
00138bcc 00000088 T _Balloc
00138c54 0000001c T _Bfree
00138c70 000000f4 T __multadd
00138d64 00000080 T __hi0bits
00138de4 000000f0 T __lo0bits
00138ed4 000000a4 T __i2b
00138f78 00000230 T __multiply
001391a8 00000130 T __pow5mult
001392d8 00000138 T __lshift
00139410 00000058 T __mcmp
00139468 00000218 T __mdiff
00139680 00000120 T __d2b
001397a0 00000340 T __utf8_mbtowc
00139ae0 0000003c T fiprintf
00139b1c 00000014 T abort
00139b30 000005e0 t get_arg
0013a110 000022f8 T _vfiprintf_r
0013c408 000000b4 t __sbprintf
0013c4bc 0000009c T _raise_r
0013c558 00000020 T raise
0013c578 00000020 T _exit
0013c598 00000140 T chdir
0013c6d8 000001c8 T _concatenate_path
0013c8a0 0000009c T _fstat_r
0013c93c 00000014 T _getpid_r
0013c950 0000002c T __getreent
0013c97c 00000030 T _gettimeofday_r
0013c9ac 000000a0 T __release_handle
0013ca4c 000000b0 T __alloc_handle
0013cafc 00000058 T __get_handle
0013cb54 00000110 T _close_r
0013cc64 00000008 t null_write
0013cc6c 00000018 T setDefaultDevice
0013cc84 00000098 T FindDevice
0013cd1c 00000024 T RemoveDevice
0013cd40 00000088 T AddDevice
0013cdc8 00000020 T GetDeviceOpTab
0013cde8 00000008 T _isatty_r
0013cdf0 00000014 T _kill_r
0013ce04 00000094 T _lseek_r
0013ce98 00000068 T mkdir
0013cf00 000000c0 T _open_r
0013cfc0 00000094 T _read_r
0013d054 00000078 W _sbrk_r
0013d0cc 0000001c T __libc_lock_acquire
0013d0e8 0000001c T __libc_lock_release
0013d104 0000001c T __libc_lock_acquire_recursive
0013d120 0000001c T __libc_lock_release_recursive
0013d13c 00000094 T _write_r
0013d1d0 00000048 T strrchr
0013d218 T _fini
0013e078 0000021c r UPGRADES
0013e294 00000010 r ui_.14
0013e2a4 00000010 r vi_.13
0013e2b4 0000000c r o.16
0013e2c0 0000000c r sp.15
0013e2cc 00000250 r UI_SIZE
0013e51c 0000000c r CREEP_STATIC
0013e528 00000018 r CREEP_PICS
0013e540 000000e0 r ACH
0013e620 00000038 r t.5
0013e658 00000010 r follow.19
0013e658 00000010 r follow.22
0013e668 00000010 r SEQ.17
0013e678 0000000c r SENS.3
0013e684 0000000c r SPD.2
0013e690 00000020 r LEG_PICS
0013e6b0 00000030 r c.6
0013e6e0 0000000c r rate.21
0013e6f0 00000006 r o.29
0013e6f8 00000034 r SFX_FILE
0013e72c 00000014 r tips.11
0013e740 00000028 r tr.10
0013e768 00000014 r legBase.9
0013e77c 00000010 r TUT_NAME
0013e78c 0000001c r cards.4
0013e7a8 00000010 r TUT_N
0013e7b8 00000010 r TUT_PAGES
0013e7c8 00000080 r TUT_TEX
0013e848 00000020 r TUT_TXT
0013e898 R vshader_shbin
0013ea64 R vshader_shbin_end
0013ea64 R vshader_shbin_size
001400e0 r .LC2
00140224 00000004 r depthFmtSizes
00140228 00000005 r colorFmtSizes
00140230 00000038 r CSWTCH.19
001404ac 00000080 r dotab_stdout
0014052c 00000018 r grayScale
00140544 00000006 r colorCube
0014054c 00000030 r colorTable
0014057c 00000080 r romFS_devoptab
00140608 00000011 r dsp_filename.0
00140638 00000008 r morton_y.2
00140640 00000008 r morton_x.3
00140648 00000008 r s_sleepWakeEvents.4
00140650 0000000c r serviceNameTable.5
00140680 R default_font_bin
00140e80 R default_font_bin_end
00140e80 00000030 r error_table
00140eb0 00000080 r archive_devoptab
00140f30 00000008 r Zero
00140f38 00000060 R __inv_pio4
00140f98 000000e0 R __sincosf_table
00141078 00000128 R __powf_log2_data
001411a0 0000000c r CSWTCH.7
001411ac 0000000c r CSWTCH.6
001411b8 00000010 r atanlo
001411c8 00000010 r atanhi
001411d8 00000148 R __exp2f_data
00141320 00000080 r npio2_hw
001413a0 00000318 r two_over_pi
001416b8 0000002c r PIo2
001416e4 0000000c r init_jk
00141818 00000010 r zeroes.0
00141828 00000010 r blanks.1
00141838 00000101 R _ctype_
00141a24 00000010 r zeroes.0
00141a34 00000010 r blanks.1
00141a44 0000006c R __action_table
00141ab0 0000006c R __state_table
00141b1c 00000100 R __chclass
00141c24 0000000c r p05.0
00141c30 00000028 R __mprec_bigtens
00141c58 000000c8 R __mprec_tens
00141e0c 00000010 r zeroes.0
00141e1c 00000010 r blanks.1
00141e2c 00000080 R dotab_stdnull
00141eac R __tdata_align
00141eb0 r __EH_FRAME_BEGIN__
00141eb0 R __exidx_end
00141eb0 R __exidx_start
00142000 00000004 d gravScale
00142004 00000004 d sensitivity
00142008 00000001 d musicEnabled
00142009 00000001 d sfxEnabled
0014200c 00000004 d stickSign
00142010 00000001 d tutEnabled
00142014 00000004 d armRng
00142018 00000004 d bTotal
0014201c 00000004 d bMoveSpeed
00142020 00000004 d bArea
00142024 00000004 d bRng
00142028 00000004 d vidW
0014202c 00000004 d vidH
00142030 00000004 d vidFrame
00142034 00000004 d uiRunTex
00142038 00000004 d uiR
0014203c 00000004 d uiG
00142040 00000004 d uiB
00142044 00000004 d uiA
00142048 00000004 d legLaughCurve
0014204c 00000004 d droneFollowIdx
00142050 00000004 d readyTrack
00142054 00000004 d camRng
00142058 00000001 d first.28
0014205c 00000004 d nextScene
00142060 00000004 d shopCutTrack
00142064 00000004 d shopCutUp
00142068 00000004 d shopCutT
0014206c 00000004 d curAnim
00142070 00000004 d texForce
00142074 00000004 d alphaState
00142078 00000004 d lastTex
0014207c 00000004 d creepRng
00142080 00000001 d creepFirstLoad
00142084 00000004 d vidFps
00142088 00000004 d fade
0014208c 00000004 d orbPitch
00142090 00000004 d orbYaw
00142094 00000004 d shopBack
00142098 00000004 d optionsBack
0014209c 00000004 d legLaughT
001420a0 00000004 d hypT
001420a4 00000004 d hypCurve
001420a8 00000004 d flashT
001420ac 00000004 d fxRng
001420b0 00000004 d achShowing
001420b4 00000004 d gasT
001420b8 00000004 d inocT
001420bc 00000004 d inocCurve
001420c0 00000008 d framerateCounter
001420c8 00000004 d framerate
001420cc 00000001 d firstConsoleInit.0
001420d0 00000004 D currentConsole
001420d4 00000048 D defaultConsole
0014211c 00000004 d queueLock
00142120 00000004 d aptChainloadDeliverArgSize
00142124 00000004 d kCount
00142128 00000004 d kInterval
0014212c 00000004 d kDelay
00142130 W __stacksize__
00142134 00000004 D _impure_ptr
00142138 00000200 D _impure_data
00142338 00000004 D __malloc_sbrk_base
0014233c 00000004 D __malloc_trim_threshold
00142340 00000408 D __malloc_av_
00142748 0000000c D __sglue
00142754 00000254 D __global_locale
001429a8 00000400 d _current_working_directory
00142da8 00001000 d handles
00143da8 0000000c d __stderr_handle
00143db4 0000000c d __stdout_handle
00143dc0 0000000c d __stdin_handle
00143dcc 0000008c D devoptab_list
00143e58 00000004 d defaultDevice
00143e64 d _GLOBAL_OFFSET_TABLE_
00143e70 d __frame_dummy_init_array_entry
00143e70 D __init_array_start
00143e70 B __preinit_array_end
00143e70 B __preinit_array_start
00143e70 D __tdata_lma
00143e70 D __tdata_lma_end
00143e74 d __do_global_dtors_aux_fini_array_entry
00143e74 D __fini_array_start
00143e74 D __init_array_end
00143e78 D __bss_start__
00143e78 D __fini_array_end
00143e78 00000004 b nSecDefs
00143e7c 00000044 b variantSel
00143ec0 000001c0 b secs
00144080 00000480 b secDefs
00144500 00000004 b nSecs
00144504 00000004 b trackLen
00144508 00000004 b nPts
0014450c 00000004 b tdata
00144510 0000003c b upLevel
0014454c 00000004 b nLegCurve
00144550 00000080 b legCurve
001445d0 00000001 b uiBlocked
001445d1 00000001 b tHeld
001445d4 00000004 b tSX
001445d8 00000004 b tSY
001445dc 00000004 b tX
001445e0 00000004 b tY
001445e4 00000001 b tUp
001445e8 00000040 b viewM
00144628 00000080 b errmsg
001446a8 00000004 b nTun
001446ac 00000680 b tun
00144d2c 00000004 b nMeshes
00144d30 00000004 b nTex
00144d34 00000100 b texMarm
00144e34 00000100 b texAlpha
00144f34 00000004 b credits
00144f38 00000004 b savedTopScore
00144f3c 00000004 b ridesPlayed
00144f40 00000038 b achProg
00144f78 0000000e b achEarned
00144f88 00000004 b tutSeen
00144f8c 0000000f b upUnlocked
00144f9c 00000004 b armNB
00144fa0 00000200 b armQ
001451a0 00000580 b armBone
00145720 00000040 b armOrder
00145760 00000004 b tunAmb
00145764 00000040 b tunKeys
001457a4 00000004 b tunWorld
001457a8 00000004 b tunN
001457ac 00000004 b tunTotal
001457b0 00000004 b tunLeft
001457b4 00000004 b nBwp
001457b8 00000040 b bcum
001457f8 000000c0 b bwp
001458b8 00000004 b nBirds
001458bc 00000004 b bTargetT
001458c0 0000000c b bTarget
001458cc 000000a8 b birds
00145974 00000004 b vidF
00145978 00000018 b vidTex
00145990 00000004 b oblLen
00145994 00000004 b nOblSec
00145998 00000120 b oblSec
00145ab8 00000001 b dspOn
00145abc 000000d8 b chBuf
00145b94 00000009 b chBusy
00145ba0 00000004 b uiVB
00145ba4 00000004 b uiRunStart
00145ba8 00000004 b uLoc_tint
00145bac 00000004 b uiRunCol
00145bb0 00000004 b uiIdx
00145bb4 00000004 b uiRunN
00145bb8 00000004 b uiQN
00145bbc 0000000c b camEye
00145bc8 0000000c b camTgt
00145bd4 00000004 b camRoll
00145bd8 00000001 b droneFollow
00145bdc 0000000c b dronePos
00145be8 00000004 b armNV
00145bec 00000004 b armNI
00145bf0 00000004 b armTex
00145bf4 00000004 b armSrc
00145bf8 00000004 b armIdx
00145bfc 00000010 b armOut
00145c0c 00000030 b armMesh
00145c3c 00000004 b nCamTracks
00145c40 00000c00 b dsp
00146840 00000004 b nDsp
00146844 000001c0 b legSpin
00146a04 00000004 b nLegSpin
00146a08 00000570 b legTrig
00146f78 00000004 b nLegTrig
00146f7c 00000004 b nDrones
00146f80 00000060 b drones
00146fe0 00000004 b readyT
00146fe4 00000001 b introActive
00146fe5 00000001 b introPlayed
00146fe8 00000280 b rdr
00147268 00000070 b G
001472d8 00000001 b endCamLatched
001472dc 00000004 b physAcc
001472e0 00000001 b launchReq
001472e4 00000004 b readyWait
001472e8 00000004 b tunEye
001472ec 00000004 b tutLastSm
001472f0 00000020 b musicName
00147310 0000000c b musicClip
0014731c 00000001 b creepNoiseOn
00147320 0000009c b sfx
001473bc 00000004 b shopPage
001473c0 00000004 b shopSel
001473c4 00000028 b shopMsg
001473ec 00000004 b achQN
001473f0 00000040 b achQueue
00147430 00000004 b animT
00147434 00000004 b uLoc_uvxf
00147438 00000004 b uLoc_modelView
0014743c 00000004 b drawCalls
00147440 00000004 b drawTris
00147444 00000004 b cheerVol
00147448 00000001 b sndCheer
00147449 00000001 b sndRail
0014744a 00000001 b sndBoosting
0014744b 00000001 b sndCrank
0014744c 00000001 b sndGrind
00147450 00000004 b faceAng
00147454 00000004 b uLoc_projection
00147458 00000080 b uiProj
001474d8 00000004 b uLoc_lightK
001474dc 00000001 b modelFull
001474dd 00000001 b creepActive
001474e0 00000004 b scene
001474e4 00000004 b sceneT
001474e8 00000001 b pauseConfirm
001474ec 00000004 b creepN
001474f0 00000004 b creepWait
001474f4 00000020 b creepSeq
00147514 00000004 b creepI
00147518 00000004 b creepSlotT
0014751c 00000004 b creepPic
00147520 00000004 b vidT
00147524 00000004 b vidN
00147528 00000001 b vidTexOk
0014752c 00000004 b tutNum
00147530 00000004 b tutPage
00147534 00000004 b tutClock
00147538 00000001 b touchBoost
0014753c 00000004 b uiClock
00147540 00000040 b projection
00147580 00000008 b t1.12
00147588 00000004 b achScroll
0014758c 00000001 b camOn
00147590 00000008 b t0.20
00147598 00000004 b nAnimSpin
0014759c 000000e0 b animSpin
0014767c 00000004 b logTick.18
00147680 00000004 b optConfirm
00147684 00000004 b fxN
00147688 00000004 b fxNIcons
0014768c 00000080 b fxIcons
0014770c 00000004 b flashPeak
00147710 00000004 b inocKind
00147714 00000004 b inocPic
00147718 00000004 b dialClk.1
0014771c 00000004 b dialAng.0
00147720 00000004 b achShowT
00147724 00000004 b fxShown
00147728 00000008 b fxFlameAcc
00147730 00000008 b fxSparkAcc
00147738 00000040 b fxPerm
00147778 00000001 b legSoundLive
00147779 00000001 b flashLoop
0014777c 0000000c b legIn
00147788 00000004 b gasAcc
0014778c 00000004 b flashLen
00147790 00000004 b inocSlot
00147794 00000004 b accBaseX
00147798 00000001 b introSkip
00147799 00000001 b tDown
0014779c 00000004 b py2.27
001477a0 00000004 b px.26
001477a4 00000004 b py.25
001477a8 00000004 b idle.24
001477ac 00000001 b endCamOk
001477b0 00000060 b endCam
00147810 00000004 b topTarget
00147814 00000004 b topTargetR
00147818 00000004 b vsh_dvlb
0014781c 00000014 b program
00147830 00000004 b botTarget
00147834 00000001 b wantQuit
00147838 00001500 b fxP
00148d38 000037a4 b fonts
0014c4dc 00002640 b camTracks
0014eb1c 00001800 b textures
00150320 00018000 b meshes
00168320 b completed.1
00168324 b object.0
0016833c 0000000c b hookCookie
00168348 000002d0 B __C3D_Context
00168618 00000004 b frameEndCbData
0016861c 00000004 b frameEndCb
00168620 00000008 b frameCounter
00168628 00000001 b isTopStereo
00168629 00000001 b needSwapBot
0016862a 00000001 b needSwapTop
0016862b 00000001 b measureGpuTime
0016862c 00000001 b inSafeTransfer
0016862d 00000001 b inFrame
00168630 00000010 b cpuTime
00168640 00000010 b gpuTime
00168650 0000000c b linkedTarget
0016865c 00000004 b lastTarget
00168660 00000004 b firstTarget
00168664 00000008 b C3Di_IVUnifEverDirty
0016866c 000000c0 b C3Di_FVUnifEverDirty
0016872c 00000018 b C3Di_ShaderFVecData
00168744 00000002 B C3D_BoolUnifsDirty
00168748 00000008 B C3D_IVUnifDirty
00168750 000000c0 B C3D_FVUnifDirty
00168810 00000004 B C3D_BoolUnifs
00168814 00000020 B C3D_IVUnif
00168834 00000c00 B C3D_FVUnif
00169438 00000008 b sLinearPool
00169440 0000000c b sAddrMap
00169450 00000008 b sVramPoolB
00169458 00000008 b sVramPoolA
00169460 0000000c b sAddrMap
0016946c 00000064 b escapeSeq
001694d0 00000048 B currentCopy
00169518 00000004 b screenAlloc
0016951c 00000004 b screenFree
00169520 00000002 b gfxIsDoubleBuf
00169524 00000002 b gfxCurBuf
00169526 00000001 b gfxIsVram
00169527 00000001 b gfxTopMode
00169528 00000002 b gfxFramebufferFormats
0016952c 00000004 b gfxBottomFramebufferMaxSize
00169530 00000004 b gfxTopFramebufferMaxSize
00169538 00000008 b gfxBottomFramebuffers
00169540 00000008 b gfxTopFramebuffers
00169548 00000001 V __ctru_speedup
0016954c 00000004 b romfs_mount_list
00169550 00000004 V __romfs_path
00169554 00000004 B gpuCmdBufOffset
00169558 00000004 B gpuCmdBufSize
0016955c 00000004 B gpuCmdBuf
00169560 00000004 b boundQueue
00169564 00000001 b shouldStop
00169565 00000001 b isRunning
00169566 00000001 b isActive
00169568 00000004 b curQueue
0016956c 00000004 b ndspRefCount
00169570 00000048 b ndspMaster
001695b8 00000004 b ndspThread
001695bc 00000001 b ndspThreadRun
001695c0 00001080 b dspVar5Backup
0016a640 00000004 b ndspMutex
0016a644 00000008 b sleepEvent
0016a64c 00000004 b dspSem
0016a650 00000004 b irqEvent
0016a654 00000008 b ndspHookCookie
0016a65c 00000001 b componentFree
0016a65e 00000002 b componentDataMask
0016a660 00000002 b componentProgMask
0016a664 00000004 b componentSize
0016a668 00000004 b componentBin
0016a66c 00000004 b frameCount
0016a670 00000004 b droppedFrames
0016a674 00000001 b bCancelReceived
0016a675 00000001 b bSleeping
0016a676 00000001 b bEnteringSleep
0016a677 00000001 b bDspReady
0016a678 00000080 B ndspVars
0016a6f8 00000002 B ndspBufferId
0016a6fa 00000002 B ndspBufferCurId
0016a6fc 00000002 B ndspFrameId
0016a700 00000c60 b ndspChn
0016b360 00000001 b flagValue.0
0016b361 00000001 b flagInit.1
0016b364 00000004 b serviceName.6
0016b368 00000001 b aptChainloadFlags
0016b369 00000001 b aptChainloadMediatype
0016b36c 00000020 b aptChainloadHmac
0016b38c 00000300 b aptChainloadDeliverArg
0016b690 00000008 b aptChainloadTid
0016b698 00001000 b aptParameters
0016c698 00000004 b aptFlags
0016c69c 00000001 b aptHomeButtonState
0016c6a0 00000004 b aptMessageFuncData
0016c6a4 00000004 b aptMessageFunc
0016c6a8 0000000c b aptFirstHook
0016c6b4 00000001 b aptEventHandlerThreadQuit
0016c6b8 00000004 b aptEventHandlerThread
0016c6bc 00000008 b aptSleepEvent
0016c6c4 00000008 b aptReceiveEvent
0016c6cc 00000008 b aptEvents
0016c6d4 00000004 b aptLockHandle
0016c6d8 00000004 b aptRefCount
0016c6dc 00000004 b cfguRefCount
0016c6e0 00000004 b cfguHandle
0016c6e4 00000002 b dspSavedCompDataMask
0016c6e6 00000002 b dspSavedCompProgMask
0016c6e8 00000004 b dspSavedCompSize
0016c6ec 00000004 b dspSavedCompBin
0016c6f0 00000001 b dspSleeping
0016c6f1 00000001 b dspComponentLoaded
0016c6f4 00000008 b dspFirstHook
0016c6fc 00000004 b dspRefCount
0016c700 00000004 b dspHandle
0016c708 00000080 b fsExemptArchives
0016c788 00000004 b fsuRefCount
0016c78c 00000004 b fsuHandle
0016c790 00000007 b gspEventCbOneShot
0016c798 0000001c b gspEventCbData
0016c7b4 0000001c b gspEventCb
0016c7d0 00000038 b gspEvents
0016c808 00000004 b gspLastEvent
0016c80c 00000001 b gspRunEvents
0016c810 00000004 b gspEventThread
0016c814 00000004 b gspEvent
0016c818 00000001 b gspGpuRight
0016c819 00000001 b gspThreadId
0016c81c 00000004 b gspSharedMem
0016c820 00000004 b gspSharedMemHandle
0016c824 00000004 b gspRefCount
0016c828 00000004 b gspGpuHandle
0016c82c 00000001 b usingIrrst
0016c830 00000004 b hidRefCount
0016c834 00000006 b gRate
0016c83c 00000006 b aVec
0016c844 00000004 b cPos
0016c848 00000004 b tPos
0016c84c 00000004 b kRepeat
0016c850 00000004 b kUp
0016c854 00000004 b kDown
0016c858 00000004 b kHeld
0016c85c 00000004 b kOld
0016c860 00000004 B hidSharedMem
0016c864 00000014 B hidEvents
0016c878 00000004 B hidMemHandle
0016c87c 00000004 B hidHandle
0016c880 00000004 b irrstRefCount
0016c884 00000004 b csPos
0016c888 00000004 b kHeld
0016c88c 00000004 B irrstSharedMem
0016c890 00000004 B irrstEvent
0016c894 00000004 B irrstMemHandle
0016c898 00000004 B irrstHandle
0016c89c 00000004 b ptmSysmRefCount
0016c8a0 00000004 b ptmSysmHandle
0016c8a4 00000004 V __ctru_linear_heap_size
0016c8a8 00000004 V __ctru_heap_size
0016c8ac 00000004 B __ctru_linear_heap
0016c8b0 00000004 B __ctru_heap
0016c8b4 00000004 B __system_retAddr
0016c8b8 00000004 B __system_argv
0016c8bc 00000004 B __system_argc
0016c8c0 b saved_stack
0016c8c8 00000004 B __3dslink_host
0016c8cc 00000004 b srvRefCount
0016c8d0 00000004 b srvHandle
0016c8d4 00000004 b arbiter
0016c8d8 00000004 b currentAddr
0016c8dc 00000004 b maxAddr
0016c8e0 00000004 b minAddr
0016c8e4 00000004 b srvPmHandle
0016c8e8 000005c0 b archive_devices
0016cea8 00000004 b archive_device_cwd
0016ceac 00000001 b archive_initialized
0016ceb0 00000028 B __malloc_current_mallinfo
0016ced8 00000004 B __malloc_max_total_mem
0016cedc 00000004 B __malloc_max_sbrked_mem
0016cee0 00000004 B __malloc_top_pad
0016cee4 0000000c b __sfp_recursive_mutex
0016cef0 00000168 B __sf
0016d058 00000004 B __stdio_exit_handler
0016d05c 0000000c b __malloc_recursive_mutex
0016d068 00000400 b temp_cwd
0016d468 00000004 b __hndl_lock
0016d46c 00000004 B fake_heap_start
0016d470 00000004 B fake_heap_end
0016d474 00000004 b heap_start.0
0016d478 B __tls_start
0016e080 B __bss_end__
0016e080 A __end__
0016e080 B __tls_end
